// Jest Snapshot v1, https://goo.gl/fbAQLP

exports[`ConversionHistory component matches snapshot 1`] = `
<div
  className="conversion-history-container"
>
  <div
    id="conversion-history"
  >
    <h2
      id="conversion-history-heading"
    >
      Conversion History
    </h2>
    <table
      id="conversion-history-table"
    >
      <thead>
        <tr>
          <th
            className="sortable"
            onClick={[Function]}
          >
            File
             â–²
          </th>
          <th
            className="sortable"
            onClick={[Function]}
          >
            Author
          </th>
          <th
            className="sortable"
            onClick={[Function]}
          >
            Date
          </th>
          <th
            className="sortable"
            onClick={[Function]}
          >
            Size
          </th>
        </tr>
      </thead>
      <tbody>
        <tr>
          <td>
            song1.mid
          </td>
          <td>
            Fiona
          </td>
          <td>
            2024-03-10
          </td>
          <td>
            3.4 MB
          </td>
        </tr>
        <tr>
          <td>
            song10.mid
          </td>
          <td>
            George
          </td>
          <td>
            2024-03-19
          </td>
          <td>
            1.4 MB
          </td>
        </tr>
        <tr>
          <td>
            song11.mid
          </td>
          <td>
            Diana
          </td>
          <td>
            2024-03-20
          </td>
          <td>
            254 MB
          </td>
        </tr>
        <tr>
          <td>
            song12.mid
          </td>
          <td>
            Alice
          </td>
          <td>
            2024-03-21
          </td>
          <td>
            3.0 MB
          </td>
        </tr>
        <tr>
          <td>
            song13.mid
          </td>
          <td>
            Bob
          </td>
          <td>
            2024-03-22
          </td>
          <td>
            0.9 MB
          </td>
        </tr>
        <tr>
          <td>
            song2.mid
          </td>
          <td>
            George
          </td>
          <td>
            2024-03-11
          </td>
          <td>
            3.5 MB
          </td>
        </tr>
        <tr>
          <td>
            song3.mid
          </td>
          <td>
            George
          </td>
          <td>
            2024-03-12
          </td>
          <td>
            5.4 MB
          </td>
        </tr>
        <tr>
          <td>
            song4.mid
          </td>
          <td>
            Hannah
          </td>
          <td>
            2024-03-13
          </td>
          <td>
            35.41 MB
          </td>
        </tr>
        <tr>
          <td>
            song5.mid
          </td>
          <td>
            Julia
          </td>
          <td>
            2024-03-14
          </td>
          <td>
            9.4 MB
          </td>
        </tr>
        <tr>
          <td>
            song6.mid
          </td>
          <td>
            Ethan
          </td>
          <td>
            2024-03-15
          </td>
          <td>
            13.0 MB
          </td>
        </tr>
      </tbody>
    </table>
    <ul
      aria-label="Pagination"
      className="pagination"
      role="navigation"
    >
      <li
        className="previous pagination__link--disabled"
      >
        <a
          aria-disabled="true"
          aria-label="Previous page"
          className="pagination__link "
          onClick={[Function]}
          onKeyPress={[Function]}
          rel="prev"
          role="button"
          tabIndex="-1"
        >
          Previous
        </a>
      </li>
      <li
        className="pagination__link--active"
      >
        <a
          aria-current="page"
          aria-label="Page 1 is your current page"
          onClick={[Function]}
          onKeyPress={[Function]}
          rel="canonical"
          role="button"
          tabIndex="-1"
        >
          1
        </a>
      </li>
      <li>
        <a
          aria-current={null}
          aria-label="Page 2"
          onClick={[Function]}
          onKeyPress={[Function]}
          rel="next"
          role="button"
          tabIndex="0"
        >
          2
        </a>
      </li>
      <li
        className="next"
      >
        <a
          aria-disabled="false"
          aria-label="Next page"
          className="pagination__link"
          onClick={[Function]}
          onKeyPress={[Function]}
          rel="next"
          role="button"
          tabIndex="0"
        >
          Next
        </a>
      </li>
    </ul>
  </div>
</div>
`;
